// Jest Snapshot v1, https://goo.gl/fbAQLP

exports[`LoginForm renders correctly 1`] = `
<div
  style={
    Object {
      "marginTop": 12,
    }
  }
>
  <form
    action="#"
    onReset={[Function]}
    onSubmit={[Function]}
  >
    <div
      className="MuiGrid-root MuiGrid-container MuiGrid-spacing-xs-3"
    >
      <div
        className="MuiGrid-root MuiGrid-item MuiGrid-grid-xs-12"
      >
        <div
          className="MuiFormControl-root MuiTextField-root MuiFormControl-fullWidth"
        >
          <label
            className="MuiFormLabel-root MuiInputLabel-root MuiInputLabel-formControl MuiInputLabel-animated MuiInputLabel-outlined"
            data-shrink={false}
          >
            User Name
          </label>
          <div
            className="MuiInputBase-root MuiOutlinedInput-root MuiInputBase-fullWidth MuiInputBase-formControl"
            onClick={[Function]}
          >
            <input
              aria-invalid={false}
              autoFocus={true}
              className="MuiInputBase-input MuiOutlinedInput-input"
              disabled={false}
              name="username"
              onAnimationStart={[Function]}
              onBlur={[Function]}
              onChange={[Function]}
              onFocus={[Function]}
              required={false}
              type="text"
              value=""
            />
            <fieldset
              aria-hidden={true}
              className="PrivateNotchedOutline-root-1 MuiOutlinedInput-notchedOutline"
            >
              <legend
                className="PrivateNotchedOutline-legendLabelled-3"
              >
                <span>
                  User Name
                </span>
              </legend>
            </fieldset>
          </div>
        </div>
      </div>
      <div
        className="MuiGrid-root MuiGrid-item MuiGrid-grid-xs-12"
      >
        <div
          className="MuiFormControl-root MuiTextField-root MuiFormControl-fullWidth"
        >
          <label
            className="MuiFormLabel-root MuiInputLabel-root MuiInputLabel-formControl MuiInputLabel-animated MuiInputLabel-outlined"
            data-shrink={false}
          >
            Password
          </label>
          <div
            className="MuiInputBase-root MuiOutlinedInput-root MuiInputBase-fullWidth MuiInputBase-formControl"
            onClick={[Function]}
          >
            <input
              aria-invalid={false}
              autoFocus={true}
              className="MuiInputBase-input MuiOutlinedInput-input"
              disabled={false}
              name="password"
              onAnimationStart={[Function]}
              onBlur={[Function]}
              onChange={[Function]}
              onFocus={[Function]}
              required={false}
              type="text"
              value=""
            />
            <fieldset
              aria-hidden={true}
              className="PrivateNotchedOutline-root-1 MuiOutlinedInput-notchedOutline"
            >
              <legend
                className="PrivateNotchedOutline-legendLabelled-3"
              >
                <span>
                  Password
                </span>
              </legend>
            </fieldset>
          </div>
        </div>
      </div>
    </div>
    <div
      className="MuiBox-root MuiBox-root-5"
    >
      <button
        className="MuiButtonBase-root MuiButton-root MuiButton-outlined MuiButton-outlinedPrimary"
        disabled={false}
        onBlur={[Function]}
        onDragLeave={[Function]}
        onFocus={[Function]}
        onKeyDown={[Function]}
        onKeyUp={[Function]}
        onMouseDown={[Function]}
        onMouseLeave={[Function]}
        onMouseUp={[Function]}
        onTouchEnd={[Function]}
        onTouchMove={[Function]}
        onTouchStart={[Function]}
        tabIndex={0}
        type="submit"
      >
        <span
          className="MuiButton-label"
        >
          Login
        </span>
      </button>
    </div>
  </form>
</div>
`;
