// Jest Snapshot v1, https://goo.gl/fbAQLP

exports[`PostCard renders correctly 1`] = `
<div
  className="MuiPaper-root MuiCard-root makeStyles-root-1 MuiPaper-elevation1 MuiPaper-rounded"
>
  <div
    className="MuiCardHeader-root"
  >
    <div
      className="MuiCardHeader-avatar"
    >
      <div
        aria-label="recipe"
        className="MuiAvatar-root MuiAvatar-circular MuiAvatar-colorDefault"
      >
        R
      </div>
    </div>
    <div
      className="MuiCardHeader-content"
    >
      <span
        className="MuiTypography-root MuiCardHeader-title MuiTypography-body2 MuiTypography-displayBlock"
      >
        test
      </span>
      <span
        className="MuiTypography-root MuiCardHeader-subheader MuiTypography-body2 MuiTypography-colorTextSecondary MuiTypography-displayBlock"
      >
        2021-07-10T06:08:21.506566Z
      </span>
    </div>
  </div>
  <div
    className="MuiCardMedia-root makeStyles-media-2"
    style={
      Object {
        "backgroundImage": "url(\\"http://p37-env.eba-vvnpnaez.ap-southeast-1.elasticbeanstalk.com/upload/upload/signal-2021-03-16-225319_002.jpeg\\")",
      }
    }
  />
  <div
    className="MuiCardContent-root"
  >
    <p
      className="MuiTypography-root MuiTypography-body1 MuiTypography-colorTextSecondary MuiTypography-gutterBottom"
    >
      created_by: 
      test
    </p>
  </div>
</div>
`;
